<html>
<body>
<pre>
<h1>µVision Build Log</h1>
<h2>Project:</h2>
C:\Users\HI\Desktop\hal\STD_Robot\myRobot.uvprojx
Project File Date:  08/01/2018

<h2>Output:</h2>
Build target 'Robot'
compiling control.c...
linking...
Program Size: Code=46804 RO-data=6796 RW-data=60 ZI-data=2356  
FromELF: creating hex file...
".\Objects\myRobot.axf" - 0 Error(s), 0 Warning(s).
Load "C:\\Users\\HI\\Desktop\\hal\\STD_Robot\\Objects\\myRobot.axf" 
* JLink Info: Device "UNSPECIFIED" selected (0 KB flash, 0 KB RAM).
Set JLink Project File to "C:\Users\HI\Desktop\hal\STD_Robot\JLinkSettings.ini"
* JLink Info: Device "UNSPECIFIED" selected (0 KB flash, 0 KB RAM).
 
JLink info:
------------
DLL: V4.80g, compiled Feb 13 2014 20:50:02
Firmware: J-Link ARM V8 compiled Nov 28 2014 13:44:46
Hardware: V8.00
S/N : 286370559 
Feature(s) : RDI,FlashDL,FlashBP,JFlash 
 
* JLink Info: TotalIRLen = 9, IRPrint = 0x0011
* JLink Info: Found Cortex-M4 r0p1, Little endian.
* JLink Info: FPUnit: 6 code (BP) slots and 2 literal slots
* JLink Info: TPIU fitted.
* JLink Info: ETM fitted.
ROMTableAddr = 0xE00FF003
 
Target info:
------------
Device: STM32F407ZG
VTarget = 3.228V
State of Pins: 
TCK: 1, TDI: 0, TDO: 1, TMS: 0, TRES: 1, TRST: 1
Hardware-Breakpoints: 6
Software-Breakpoints: 8192
Watchpoints:          4
JTAG speed: 2000 kHz
 
Erase Done.
Programming Done.
Verify OK.
Application running ...
 = 9, IRPrint = 0x0011
* JLink Info: Found Cortex-M4 r0p1, Little endian.
* JLink Info: FPUnit: 6 code (BP) slots and 2 literal slots
* JLink Info: TPIU fitted.
* JLink Info: ETM fitted.
ROMTableAddr = 0xE00FF003
 
Target info:
------------
Device: STM32F407ZG
VTarget = 3.228V
State of Pins: 
TCK: 1, TDI: 0, TDO: 1, TMS: 0, TRES: 1, TRST: 1
Hardware-Breakpoints: 6
Software-Breakpoints: 8192
Watchpoints:          4
JTAG speed: 2000 kHz
 
Erase Done.
Programming Done.
Verify OK.
Application running ...
onverted to double-precision
                                                RobotGoTo(4+Correction_X,3.7+Correction_Y,90);
User\main.c(486): warning:  #1035-D: single-precision operand implicitly converted to double-precision
                                                RobotGoTo(9+Correction_X,3.7+Correction_Y,90);
User\main.c(501): warning:  #223-D: function "FindBall_VandR" declared implicitly
                                                FindBall_VandR(qiu);
User\main.c(507): warning:  #1035-D: single-precision operand implicitly converted to double-precision
                                                RobotGoTo(-9-Correction_X,3.7+Correction_Y,-90);
User\main.c(510): warning:  #223-D: function "FindBasketry" declared implicitly
                                                FindBasketry();
User\main.c(528): warning:  #1035-D: single-precision operand implicitly converted to double-precision
                                                RobotGoTo(-9-Correction_X,3.7+Correction_Y,-90);
User\main.c(544): warning:  #1035-D: single-precision operand implicitly converted to double-precision
                                                RobotGoTo(9+Correction_X,3.7+Correction_Y,90);
User\main.c(565): warning:  #1035-D: single-precision operand implicitly converted to double-precision
                                                RobotGoTo(9+Correction_X,3.7+Correction_Y,90);
User\main.c(580): warning:  #223-D: function "FindBall_VandR" declared implicitly
                                                FindBall_VandR(qiu);
User\main.c(583): warning:  #1035-D: single-precision operand implicitly converted to double-precision
                                                RobotGoTo(-9-Correction_X,3.7+Correction_Y,-90);
User\main.c(586): warning:  #223-D: function "FindBasketry" declared implicitly
                                                FindBasketry();
User\main.c(593): warning:  #1035-D: single-precision operand implicitly converted to double-precision
                                                RobotGoTo(-9-Correction_X,3.7+Correction_Y,-90);
User\main.c(606): warning:  #1035-D: single-precision operand implicitly converted to double-precision
                                                RobotGoTo(9.0f+Correction_X,3.7+Correction_Y,90);
User\main.c(616): warning:  #1035-D: single-precision operand implicitly converted to double-precision
                                                RobotGoTo(9+Correction_X,3.7+Correction_Y,90);
User\main.c(20): warning:  #177-D: variable "time" was declared but never referenced
        int16_t time = 0;                       //—” ±
User\main.c: 25 warnings, 0 errors
linking...
Program Size: Code=46188 RO-data=6796 RW-data=60 ZI-data=2356  
FromELF: creating hex file...
".\Objects\myRobot.axf" - 0 Error(s), 25 Warning(s).
Load "C:\\Users\\HI\\Desktop\\hal\\STD_Robot\\Objects\\myRobot.axf" 
* JLink Info: Device "UNSPECIFIED" selected (0 KB flash, 0 KB RAM).
Set JLink Project File to "C:\Users\HI\Desktop\hal\STD_Robot\JLinkSettings.ini"
* JLink Info: Device "UNSPECIFIED" selected (0 KB flash, 0 KB RAM).
 
JLink info:
------------
DLL: V4.80g, compiled Feb 13 2014 20:50:02
Firmware: J-Link ARM V8 compiled Nov 28 2014 13:44:46
Hardware: V8.00
S/N : 286370559 
Feature(s) : RDI,FlashDL,FlashBP,JFlash 
 
* JLink Info: TotalIRLen = 9, IRPrint = 0x0011
* JLink Info: Found Cortex-M4 r0p1, Little endian.
* JLink Info: FPUnit: 6 code (BP) slots and 2 literal slots
* JLink Info: TPIU fitted.
* JLink Info: ETM fitted.
ROMTableAddr = 0xE00FF003
 
Target info:
------------
Device: STM32F407ZG
VTarget = 3.228V
State of Pins: 
TCK: 1, TDI: 0, TDO: 1, TMS: 0, TRES: 1, TRST: 1
Hardware-Breakpoints: 6
Software-Breakpoints: 8192
Watchpoints:          4
JTAG speed: 2000 kHz
 
Erase Done.
Programming Done.
Verify OK.
Application running ...
Load "C:\\Users\\HI\\Desktop\\hal\\STD_Robot\\Objects\\myRobot.axf" 
* JLink Info: Device "UNSPECIFIED" selected (0 KB flash, 0 KB RAM).
Set JLink Project File to "C:\Users\HI\Desktop\hal\STD_Robot\JLinkSettings.ini"
* JLink Info: Device "UNSPECIFIED" selected (0 KB flash, 0 KB RAM).
 
JLink info:
------------
DLL: V4.80g, compiled Feb 13 2014 20:50:02
Firmware: J-Link ARM V8 compiled Nov 28 2014 13:44:46
Hardware: V8.00
S/N : 286370559 
Feature(s) : RDI,FlashDL,FlashBP,JFlash 
 
* JLink Info: TotalIRLen = 9, IRPrint = 0x0011
* JLink Info: Found Cortex-M4 r0p1, Little endian.
* JLink Info: FPUnit: 6 code (BP) slots and 2 literal slots
* JLink Info: TPIU fitted.
* JLink Info: ETM fitted.
ROMTableAddr = 0xE00FF003
 
Target info:
------------
Device: STM32F407ZG
VTarget = 3.228V
State of Pins: 
TCK: 1, TDI: 0, TDO: 1, TMS: 0, TRES: 1, TRST: 1
Hardware-Breakpoints: 6
Software-Breakpoints: 8192
Watchpoints:          4
JTAG speed: 2000 kHz
 
Erase Done.
Programming Done.
Verify OK.
Application running ...
